../Core/Src/DEV_Config.c:21:6:DEV_GPIO_Mode	40	static
../Core/Src/DEV_Config.c:44:6:DEV_Delay_ms	16	static
../Core/Src/DEV_Config.c:50:6:GPIO_Config	4	static
../Core/Src/DEV_Config.c:60:6:DEV_SPI_Init	4	static
../Core/Src/DEV_Config.c:67:6:DEV_SPI_WriteByte	16	static
../Core/Src/DEV_Config.c:74:6:DEV_SPI_Write_nByte	16	static
../Core/Src/DEV_Config.c:85:6:DEV_I2C_Init	16	static
../Core/Src/DEV_Config.c:93:6:I2C_Write_Byte	40	static
../Core/Src/DEV_Config.c:102:5:I2C_Read_Byte	40	static
../Core/Src/DEV_Config.c:111:5:I2C_Read_Word	40	static
../Core/Src/DEV_Config.c:124:7:DEV_ModuleInit	8	static
../Core/Src/DEV_Config.c:136:6:DEV_ModuleExit	4	static
